DB: 직업 114, 장비 1000, 도검 20/15/10/5, 중복 이름 없음
신규·전투 저장 및 압축·난수 상태 정확 복원
v1 → v3 저장 호환
MP·물약 부족 차단 / 방어 계산
30번째 전설 보정 / 강화 연속 실패 보정
비밀 경로 보정·각성 인장·장비 지급
히든 14종 조건·해금·중복 소모 방지·전직·스킬
18개 이벤트 양쪽 선택 36개 경로
비선형 퀘스트 순서·호감도 보상·중복 완료 방지
확률 normal: 55.12% / 24.93% / 12.93% / 5.02% / 1.81% / 0.19% (n=60000)
확률 elite: 9.90% / 32.27% / 35.88% / 16.95% / 4.52% / 0.49% (n=60000)
확률 boss: 0.00% / 9.90% / 35.37% / 39.65% / 13.09% / 2.00% (n=60000)
확률 secret: 0.00% / 9.90% / 35.37% / 39.65% / 13.09% / 2.00% (n=60000)
전 직업 114 × 6시드 = 684 캠페인 완주; 전투 행동 76117, 부활 0 (각 직업 직접 지정한 전투 회귀 테스트; 일반 시작 규칙을 우회한 테스트 fixture)